{
    "streptococcus_pneumoniae - paired_end with seroba": {
        "content": [
            [
                [
                    {
                        "id": "test_spneumoniae",
                        "single_end": false
                    },
                    "SEROTYPE:md5,253ce0dee2b80d881ea1049b2ef50317"
                ]
            ],
            [
                [
                    {
                        "id": "test_spneumoniae",
                        "single_end": false
                    },
                    [
                        "test_spneumoniae-1A.tblastn.tsv:md5,0df2c531d8b430ca71ad82cf459b90d8",
                        "test_spneumoniae-2B.tblastn.tsv:md5,d409db68916b1821e221f68b9e93de18",
                        "test_spneumoniae-2X.tblastn.tsv:md5,34637d0371ac3a504db220d64cefa215",
                        "test_spneumoniae.fastani.tsv:md5,0e369f10dacb0fef096ca37f33a42aa5",
                        "test_spneumoniae.tsv:md5,3d536372a2bfcf5469f30ff352cfd058"
                    ]
                ]
            ],
            [
                
            ],
            [
                "versions.yml:md5,7366efccb01fd166caf077411f5273d0",
                "versions.yml:md5,73f8f98c625d969468bdbea77d17d6de"
            ]
        ],
        "meta": {
            "nf-test": "0.9.2",
            "nextflow": "24.04.5"
        },
        "timestamp": "2025-07-02T21:23:47.355194"
    }
}