{
    "sarscov2 - all - stub": {
        "content": [
            {
                "0": [
                    [
                        {
                            "id": "test1"
                        },
                        "test1_report.tsv:md5,d41d8cd98f00b204e9800998ecf8427e"
                    ]
                ],
                "1": ["versions.yml:md5,b2801e0623da9725a7aebedb424aa8e3"]
                ,
                "report": [
                    [
                        {
                            "id": "test1"
                        },
                        "test1_report.tsv:md5,d41d8cd98f00b204e9800998ecf8427e"
                    ]
                ],
                "versions": [
                    "versions.yml:md5,b2801e0623da9725a7aebedb424aa8e3"
                ]
            }
        ],
        "meta": {
            "nf-test": "0.9.2",
            "nextflow": "24.10.5"
        },
        "timestamp": "2025-03-26T17:34:37.428700068"
    },
    "sarscov2 - noref": {
        "content": [
            [
                [
                    {
                        "id": "test"
                    },
                    "test_report.tsv:md5,06dd7886c52475c4f7c136f58b47348a"
                ]
            ],
            [
                "versions.yml:md5,b2801e0623da9725a7aebedb424aa8e3"
            ]
        ],
        "meta": {
            "nf-test": "0.9.2",
            "nextflow": "24.10.5"
        },
        "timestamp": "2025-03-26T17:26:40.173244079"
    }
}