{
    "vibrio_species_typing - srst2 and vibecheck test": {
        "content": [
            [
                
            ],
            [
                
            ],
            [
                
            ],
            [
                
            ]
        ],
        "meta": {
            "nf-test": "0.9.2",
            "nextflow": "24.10.8"
        },
        "timestamp": "2025-07-03T12:48:33.776320393"
    },
    "vibrio_species_typing - assembly only test": {
        "content": [
            [
                
            ],
            [
                
            ]
        ],
        "meta": {
            "nf-test": "0.9.2",
            "nextflow": "24.10.8"
        },
        "timestamp": "2025-07-03T12:48:39.369602835"
    }
}