{
    "ncbi_scrub test": {
        "content": [
            [
                [
                    {
                        "id": "test_sample"
                    },
                    [
                        "test_sample_R1_dehosted.fastq.gz:md5,48ab5cdbf8567cf6023bd304fcf896a9",
                        "test_sample_R2_dehosted.fastq.gz:md5,b4246225aa4a15496991ac7c6b58563f"
                    ]
                ]
            ],
            [
                [
                    {
                        "id": "test_sample"
                    },
                    "SPOTS_REMOVED.txt:md5,897316929176464ebc9ad085f31e7284"
                ]
            ],
            [
                "versions.yml:md5,47ac256a637f9a86ad4ab4eae7b0de06"
            ]
        ],
        "meta": {
            "nf-test": "0.9.2",
            "nextflow": "25.04.4"
        },
        "timestamp": "2025-06-18T15:19:51.25853174"
    }
}