{
    "amr search test": {
        "content": [
            [
                [
                    {
                        "id": "test_sample"
                    },
                    "test_sample_amr_results.csv:md5,c2ddc073d73f04f6a84eeb640ea7ceb7"
                ]
            ],
            [
                [
                    {
                        "id": "test_sample"
                    },
                    "test_sample_amr_results.pdf:md5,43e4ff7992d7e476ce14c899b7c4b246"
                ]
            ],
            [
                [
                    {
                        "id": "test_sample"
                    },
                    "test_sample_paarsnp_results.json:md5,951a50fb36342194c7035bc6fff6f714"
                ]
            ],
            [
                "versions.yml:md5,fe8225ce22a17692b1c55e4e6165dde4"
            ]
        ],
        "meta": {
            "nf-test": "0.9.2",
            "nextflow": "25.04.4"
        },
        "timestamp": "2025-06-30T15:55:09.519685265"
    }
}