{
    "amr search test": {
        "content": [
            [
                [
                    {
                        "id": "test_amr"
                    },
                    "test_amr_amr_results.csv:md5,c0d2dedbef1e8c96d4832d12fe8a657c"
                ]
            ],
            [
                [
                    {
                        "id": "test_amr"
                    },
                    "test_amr_amr_results.pdf:md5,26f19faa5c06062278126b5833e1bb17"
                ]
            ],
            [
                [
                    {
                        "id": "test_amr"
                    },
                    "test_amr_paarsnp_results.jsn:md5,e49705c7be9f9b8c9eee99a2c0068be1"
                ]
            ],
            [
                "versions.yml:md5,6d43c57e8e08726189e5bd9126ff40e9"
            ]
        ],
        "meta": {
            "nf-test": "0.9.2",
            "nextflow": "25.04.4"
        },
        "timestamp": "2025-06-26T21:29:30.287166666"
    }
}