{
    "bbduk test": {
        "content": [
            [
                [
                    {
                        "id": "test_sample"
                    },
                    [
                        "test_sample_1.clean.fastq.gz:md5,74a56b7f990a063e5a8b4ad5c6eb5f93",
                        "test_sample_2.clean.fastq.gz:md5,34916bf79dd48b3f972ecf0ab401ca4c"
                    ]
                ]
            ],
            [
                [
                    {
                        "id": "test_sample"
                    },
                    "test_sample.adapters.stats.txt:md5,b809672dcab65298ce28aa9a1b3941f3"
                ]
            ],
            [
                [
                    {
                        "id": "test_sample"
                    },
                    "test_sample.phix.stats.txt:md5,991b70098ee2c06ddcd0d1ae3d68870f"
                ]
            ],
            [
                "versions.yml:md5,c204e7913c37304983ec957bc710ad9a"
            ]
        ],
        "meta": {
            "nf-test": "0.9.2",
            "nextflow": "25.04.4"
        },
        "timestamp": "2025-06-18T15:30:56.2099707"
    }
}