{
    "tbprofiler - stub": {
        "content": [
            {
                "0": [
                    [
                        {
                            "id": "test_sample"
                        },
                        "test_sample.results.csv:md5,d41d8cd98f00b204e9800998ecf8427e"
                    ]
                ],
                "1": [
                    [
                        {
                            "id": "test_sample"
                        },
                        "test_sample.results.txt:md5,d41d8cd98f00b204e9800998ecf8427e"
                    ]
                ],
                "10": [
                    [
                        {
                            "id": "test_sample"
                        },
                        "NUM_DR_VARIANTS:md5,51bb9b62d9be48ac08dfb0ec931632e2"
                    ]
                ],
                "11": [
                    [
                        {
                            "id": "test_sample"
                        },
                        "NUM_OTHER_VARIANTS:md5,51bb9b62d9be48ac08dfb0ec931632e2"
                    ]
                ],
                "12": [
                    [
                        {
                            "id": "test_sample"
                        },
                        "RESISTANCE_GENES:md5,51bb9b62d9be48ac08dfb0ec931632e2"
                    ]
                ],
                "13": [
                    [
                        {
                            "id": "test_sample"
                        },
                        "MEDIAN_DEPTH:md5,51bb9b62d9be48ac08dfb0ec931632e2"
                    ]
                ],
                "14": [
                    [
                        {
                            "id": "test_sample"
                        },
                        "PCT_READS_MAPPED:md5,51bb9b62d9be48ac08dfb0ec931632e2"
                    ]
                ],
                "2": [
                    [
                        {
                            "id": "test_sample"
                        },
                        "test_sample.results.json:md5,d41d8cd98f00b204e9800998ecf8427e"
                    ]
                ],
                "3": [
                    [
                        {
                            "id": "test_sample"
                        },
                        "test_sample.bam:md5,d41d8cd98f00b204e9800998ecf8427e"
                    ]
                ],
                "4": [
                    [
                        {
                            "id": "test_sample"
                        },
                        "test_sample.bam.bai:md5,d41d8cd98f00b204e9800998ecf8427e"
                    ]
                ],
                "5": [
                    [
                        {
                            "id": "test_sample"
                        },
                        "test_sample.targets.csq.merged.vcf:md5,d41d8cd98f00b204e9800998ecf8427e"
                    ]
                ],
                "6": [
                    [
                        {
                            "id": "test_sample"
                        },
                        "VERSION:md5,b32d1e9ad34bb4c363d507c86077bc58"
                    ]
                ],
                "7": [
                    [
                        {
                            "id": "test_sample"
                        },
                        "MAIN_LINEAGE:md5,51bb9b62d9be48ac08dfb0ec931632e2"
                    ]
                ],
                "8": [
                    [
                        {
                            "id": "test_sample"
                        },
                        "SUB_LINEAGE:md5,51bb9b62d9be48ac08dfb0ec931632e2"
                    ]
                ],
                "9": [
                    [
                        {
                            "id": "test_sample"
                        },
                        "DR_TYPE:md5,51bb9b62d9be48ac08dfb0ec931632e2"
                    ]
                ],
                "bai": [
                    [
                        {
                            "id": "test_sample"
                        },
                        "test_sample.bam.bai:md5,d41d8cd98f00b204e9800998ecf8427e"
                    ]
                ],
                "bam": [
                    [
                        {
                            "id": "test_sample"
                        },
                        "test_sample.bam:md5,d41d8cd98f00b204e9800998ecf8427e"
                    ]
                ],
                "csv": [
                    [
                        {
                            "id": "test_sample"
                        },
                        "test_sample.results.csv:md5,d41d8cd98f00b204e9800998ecf8427e"
                    ]
                ],
                "dr_type": [
                    [
                        {
                            "id": "test_sample"
                        },
                        "DR_TYPE:md5,51bb9b62d9be48ac08dfb0ec931632e2"
                    ]
                ],
                "json": [
                    [
                        {
                            "id": "test_sample"
                        },
                        "test_sample.results.json:md5,d41d8cd98f00b204e9800998ecf8427e"
                    ]
                ],
                "main_lineage": [
                    [
                        {
                            "id": "test_sample"
                        },
                        "MAIN_LINEAGE:md5,51bb9b62d9be48ac08dfb0ec931632e2"
                    ]
                ],
                "median_depth": [
                    [
                        {
                            "id": "test_sample"
                        },
                        "MEDIAN_DEPTH:md5,51bb9b62d9be48ac08dfb0ec931632e2"
                    ]
                ],
                "num_dr_variants": [
                    [
                        {
                            "id": "test_sample"
                        },
                        "NUM_DR_VARIANTS:md5,51bb9b62d9be48ac08dfb0ec931632e2"
                    ]
                ],
                "num_other_variants": [
                    [
                        {
                            "id": "test_sample"
                        },
                        "NUM_OTHER_VARIANTS:md5,51bb9b62d9be48ac08dfb0ec931632e2"
                    ]
                ],
                "pct_reads_mapped": [
                    [
                        {
                            "id": "test_sample"
                        },
                        "PCT_READS_MAPPED:md5,51bb9b62d9be48ac08dfb0ec931632e2"
                    ]
                ],
                "resistance_genes": [
                    [
                        {
                            "id": "test_sample"
                        },
                        "RESISTANCE_GENES:md5,51bb9b62d9be48ac08dfb0ec931632e2"
                    ]
                ],
                "sub_lineage": [
                    [
                        {
                            "id": "test_sample"
                        },
                        "SUB_LINEAGE:md5,51bb9b62d9be48ac08dfb0ec931632e2"
                    ]
                ],
                "txt": [
                    [
                        {
                            "id": "test_sample"
                        },
                        "test_sample.results.txt:md5,d41d8cd98f00b204e9800998ecf8427e"
                    ]
                ],
                "vcf": [
                    [
                        {
                            "id": "test_sample"
                        },
                        "test_sample.targets.csq.merged.vcf:md5,d41d8cd98f00b204e9800998ecf8427e"
                    ]
                ],
                "version": [
                    [
                        {
                            "id": "test_sample"
                        },
                        "VERSION:md5,b32d1e9ad34bb4c363d507c86077bc58"
                    ]
                ]
            }
        ],
        "meta": {
            "nf-test": "0.9.2",
            "nextflow": "24.10.8"
        },
        "timestamp": "2025-06-25T16:57:07.856344048"
    },
    "tbprofiler test": {
        "content": [
            null,
            null
        ],
        "meta": {
            "nf-test": "0.9.2",
            "nextflow": "24.10.8"
        },
        "timestamp": "2025-06-25T16:57:02.73101476"
    }
}