{
    "skesa - stub": {
        "content": [
            {
                "0": [
                    [
                        {
                            "id": "test_sample"
                        },
                        "test_sample_skesa_contigs.fa:md5,d41d8cd98f00b204e9800998ecf8427e"
                    ]
                ],
                "1": [
                    "versions.yml:md5,a5ff4a21d350369c0212a4b22678a252"
                ],
                "assembly_fasta": [
                    [
                        {
                            "id": "test_sample"
                        },
                        "test_sample_skesa_contigs.fa:md5,d41d8cd98f00b204e9800998ecf8427e"
                    ]
                ],
                "versions": [
                    "versions.yml:md5,a5ff4a21d350369c0212a4b22678a252"
                ]
            }
        ],
        "meta": {
            "nf-test": "0.9.2",
            "nextflow": "25.04.4"
        },
        "timestamp": "2025-06-20T15:07:55.26144307"
    },
    "skesa - test": {
        "content": [
            [
                [
                    {
                        "id": "test_sample"
                    },
                    "test_sample_skesa_contigs.fa:md5,409b15cbfbc8fa170152004fb5c59a31"
                ]
            ],
            [
                "versions.yml:md5,a5ff4a21d350369c0212a4b22678a252"
            ]
        ],
        "meta": {
            "nf-test": "0.9.2",
            "nextflow": "25.04.4"
        },
        "timestamp": "2025-06-20T15:07:42.212845223"
    }
}