{
    "midas - stub": {
        "content": [
            {
                "0": [
                    
                ],
                "1": [
                    
                ],
                "2": [
                    
                ],
                "3": [
                    
                ],
                "4": [
                    
                ],
                "5": [
                    
                ],
                "6": [
                    
                ],
                "log_file": [
                    
                ],
                "primary_genus_file": [
                    
                ],
                "secondary_genus_abundance_file": [
                    
                ],
                "secondary_genus_coverage_file": [
                    
                ],
                "secondary_genus_file": [
                    
                ],
                "species_profile": [
                    
                ],
                "versions": [
                    
                ]
            }
        ],
        "meta": {
            "nf-test": "0.9.2",
            "nextflow": "25.04.4"
        },
        "timestamp": "2025-06-20T14:10:07.68416345"
    }
}