{
    "streptococcus_pyogenes - characterization with EMMTYPER and EMMTYPINGTOOL": {
        "content": [
            [
                [
                    {
                        "id": "test_spyogenes",
                        "single_end": false
                    },
                    "test_spyogenes_emmtyper.tsv:md5,14440096c75f6ffd042544697c1bb8cd"
                ]
            ],
            [
                [
                    {
                        "id": "test_spyogenes",
                        "single_end": false
                    },
                    "test_spyogenes.emmtypingtool.xml:md5,a55a59074358aa28dcf17337083dee77"
                ]
            ],
            [
                "versions.yml:md5,47b5bfac5f3f10d8350be17e89e225cb",
                "versions.yml:md5,a087f3b6927ab892052157da3fbd429a"
            ]
        ],
        "meta": {
            "nf-test": "0.9.2",
            "nextflow": "24.10.8"
        },
        "timestamp": "2025-07-03T11:56:53.437367992"
    }
}